Archive member included to satisfy reference by file (symbol)

c:/program files (x86)/atmel/studio/7.0/toolchain/avr8/avr8-gnu-toolchain/bin/../lib/gcc/avr/5.4.0/avr5\libgcc.a(_udivmodsi4.o)
                              Integration.o (__udivmodsi4)
c:/program files (x86)/atmel/studio/7.0/toolchain/avr8/avr8-gnu-toolchain/bin/../lib/gcc/avr/5.4.0/avr5\libgcc.a(_exit.o)
                              C:/Program Files (x86)/Atmel/Studio/7.0/Packs/atmel/ATmega_DFP/1.7.374/gcc/dev/atmega640/avr5/crtatmega640.o (exit)
c:/program files (x86)/atmel/studio/7.0/toolchain/avr8/avr8-gnu-toolchain/bin/../lib/gcc/avr/5.4.0/avr5\libgcc.a(_copy_data.o)
                              General.o (__do_copy_data)
c:/program files (x86)/atmel/studio/7.0/toolchain/avr8/avr8-gnu-toolchain/bin/../lib/gcc/avr/5.4.0/avr5\libgcc.a(_clear_bss.o)
                              General.o (__do_clear_bss)

Discarded input sections

 .data          0x00000000        0x0 C:/Program Files (x86)/Atmel/Studio/7.0/Packs/atmel/ATmega_DFP/1.7.374/gcc/dev/atmega640/avr5/crtatmega640.o
 .bss           0x00000000        0x0 C:/Program Files (x86)/Atmel/Studio/7.0/Packs/atmel/ATmega_DFP/1.7.374/gcc/dev/atmega640/avr5/crtatmega640.o
 .text          0x00000000        0x0 General.o
 .data          0x00000000        0x0 General.o
 .bss           0x00000000        0x0 General.o
 .text.getStop  0x00000000        0x6 General.o
 .text.delay_milliseconds
                0x00000000       0x68 General.o
 .text.delay_seconds
                0x00000000       0x68 General.o
 .text.seconds  0x00000000       0x12 General.o
 .text.getNumCarLavado
                0x00000000        0x6 General.o
 .text.incNumCarLavado
                0x00000000        0xc General.o
 .text.getNumCarSecado
                0x00000000        0x6 General.o
 .text          0x00000000        0x0 Integration.o
 .data          0x00000000        0x0 Integration.o
 .bss           0x00000000        0x0 Integration.o
 .text          0x00000000        0x0 main.o
 .data          0x00000000        0x0 main.o
 .bss           0x00000000        0x0 main.o
 .text          0x00000000        0x0 Parte_1.o
 .data          0x00000000        0x0 Parte_1.o
 .bss           0x00000000        0x0 Parte_1.o
 .text          0x00000000        0x0 Parte_2.o
 .data          0x00000000        0x0 Parte_2.o
 .bss           0x00000000        0x0 Parte_2.o
 .text.openbarrera
                0x00000000       0x26 Parte_2.o
 .text.closebarrera
                0x00000000       0x12 Parte_2.o
 .text.stopbarrera
                0x00000000        0x6 Parte_2.o
 .text.lavadoV_on
                0x00000000        0x8 Parte_2.o
 .text.lavadoV_off
                0x00000000        0x6 Parte_2.o
 .text          0x00000000        0x0 Parte_3.o
 .data          0x00000000        0x0 Parte_3.o
 .bss           0x00000000        0x0 Parte_3.o
 .text          0x00000000        0x0 c:/program files (x86)/atmel/studio/7.0/toolchain/avr8/avr8-gnu-toolchain/bin/../lib/gcc/avr/5.4.0/avr5\libgcc.a(_udivmodsi4.o)
 .data          0x00000000        0x0 c:/program files (x86)/atmel/studio/7.0/toolchain/avr8/avr8-gnu-toolchain/bin/../lib/gcc/avr/5.4.0/avr5\libgcc.a(_udivmodsi4.o)
 .bss           0x00000000        0x0 c:/program files (x86)/atmel/studio/7.0/toolchain/avr8/avr8-gnu-toolchain/bin/../lib/gcc/avr/5.4.0/avr5\libgcc.a(_udivmodsi4.o)
 .text.libgcc.mul
                0x00000000        0x0 c:/program files (x86)/atmel/studio/7.0/toolchain/avr8/avr8-gnu-toolchain/bin/../lib/gcc/avr/5.4.0/avr5\libgcc.a(_udivmodsi4.o)
 .text.libgcc   0x00000000        0x0 c:/program files (x86)/atmel/studio/7.0/toolchain/avr8/avr8-gnu-toolchain/bin/../lib/gcc/avr/5.4.0/avr5\libgcc.a(_udivmodsi4.o)
 .text.libgcc.prologue
                0x00000000        0x0 c:/program files (x86)/atmel/studio/7.0/toolchain/avr8/avr8-gnu-toolchain/bin/../lib/gcc/avr/5.4.0/avr5\libgcc.a(_udivmodsi4.o)
 .text.libgcc.builtins
                0x00000000        0x0 c:/program files (x86)/atmel/studio/7.0/toolchain/avr8/avr8-gnu-toolchain/bin/../lib/gcc/avr/5.4.0/avr5\libgcc.a(_udivmodsi4.o)
 .text.libgcc.fmul
                0x00000000        0x0 c:/program files (x86)/atmel/studio/7.0/toolchain/avr8/avr8-gnu-toolchain/bin/../lib/gcc/avr/5.4.0/avr5\libgcc.a(_udivmodsi4.o)
 .text.libgcc.fixed
                0x00000000        0x0 c:/program files (x86)/atmel/studio/7.0/toolchain/avr8/avr8-gnu-toolchain/bin/../lib/gcc/avr/5.4.0/avr5\libgcc.a(_udivmodsi4.o)
 .text          0x00000000        0x0 c:/program files (x86)/atmel/studio/7.0/toolchain/avr8/avr8-gnu-toolchain/bin/../lib/gcc/avr/5.4.0/avr5\libgcc.a(_exit.o)
 .data          0x00000000        0x0 c:/program files (x86)/atmel/studio/7.0/toolchain/avr8/avr8-gnu-toolchain/bin/../lib/gcc/avr/5.4.0/avr5\libgcc.a(_exit.o)
 .bss           0x00000000        0x0 c:/program files (x86)/atmel/studio/7.0/toolchain/avr8/avr8-gnu-toolchain/bin/../lib/gcc/avr/5.4.0/avr5\libgcc.a(_exit.o)
 .text.libgcc.mul
                0x00000000        0x0 c:/program files (x86)/atmel/studio/7.0/toolchain/avr8/avr8-gnu-toolchain/bin/../lib/gcc/avr/5.4.0/avr5\libgcc.a(_exit.o)
 .text.libgcc.div
                0x00000000        0x0 c:/program files (x86)/atmel/studio/7.0/toolchain/avr8/avr8-gnu-toolchain/bin/../lib/gcc/avr/5.4.0/avr5\libgcc.a(_exit.o)
 .text.libgcc   0x00000000        0x0 c:/program files (x86)/atmel/studio/7.0/toolchain/avr8/avr8-gnu-toolchain/bin/../lib/gcc/avr/5.4.0/avr5\libgcc.a(_exit.o)
 .text.libgcc.prologue
                0x00000000        0x0 c:/program files (x86)/atmel/studio/7.0/toolchain/avr8/avr8-gnu-toolchain/bin/../lib/gcc/avr/5.4.0/avr5\libgcc.a(_exit.o)
 .text.libgcc.builtins
                0x00000000        0x0 c:/program files (x86)/atmel/studio/7.0/toolchain/avr8/avr8-gnu-toolchain/bin/../lib/gcc/avr/5.4.0/avr5\libgcc.a(_exit.o)
 .text.libgcc.fmul
                0x00000000        0x0 c:/program files (x86)/atmel/studio/7.0/toolchain/avr8/avr8-gnu-toolchain/bin/../lib/gcc/avr/5.4.0/avr5\libgcc.a(_exit.o)
 .text.libgcc.fixed
                0x00000000        0x0 c:/program files (x86)/atmel/studio/7.0/toolchain/avr8/avr8-gnu-toolchain/bin/../lib/gcc/avr/5.4.0/avr5\libgcc.a(_exit.o)
 .text          0x00000000        0x0 c:/program files (x86)/atmel/studio/7.0/toolchain/avr8/avr8-gnu-toolchain/bin/../lib/gcc/avr/5.4.0/avr5\libgcc.a(_copy_data.o)
 .data          0x00000000        0x0 c:/program files (x86)/atmel/studio/7.0/toolchain/avr8/avr8-gnu-toolchain/bin/../lib/gcc/avr/5.4.0/avr5\libgcc.a(_copy_data.o)
 .bss           0x00000000        0x0 c:/program files (x86)/atmel/studio/7.0/toolchain/avr8/avr8-gnu-toolchain/bin/../lib/gcc/avr/5.4.0/avr5\libgcc.a(_copy_data.o)
 .text.libgcc.mul
                0x00000000        0x0 c:/program files (x86)/atmel/studio/7.0/toolchain/avr8/avr8-gnu-toolchain/bin/../lib/gcc/avr/5.4.0/avr5\libgcc.a(_copy_data.o)
 .text.libgcc.div
                0x00000000        0x0 c:/program files (x86)/atmel/studio/7.0/toolchain/avr8/avr8-gnu-toolchain/bin/../lib/gcc/avr/5.4.0/avr5\libgcc.a(_copy_data.o)
 .text.libgcc   0x00000000        0x0 c:/program files (x86)/atmel/studio/7.0/toolchain/avr8/avr8-gnu-toolchain/bin/../lib/gcc/avr/5.4.0/avr5\libgcc.a(_copy_data.o)
 .text.libgcc.prologue
                0x00000000        0x0 c:/program files (x86)/atmel/studio/7.0/toolchain/avr8/avr8-gnu-toolchain/bin/../lib/gcc/avr/5.4.0/avr5\libgcc.a(_copy_data.o)
 .text.libgcc.builtins
                0x00000000        0x0 c:/program files (x86)/atmel/studio/7.0/toolchain/avr8/avr8-gnu-toolchain/bin/../lib/gcc/avr/5.4.0/avr5\libgcc.a(_copy_data.o)
 .text.libgcc.fmul
                0x00000000        0x0 c:/program files (x86)/atmel/studio/7.0/toolchain/avr8/avr8-gnu-toolchain/bin/../lib/gcc/avr/5.4.0/avr5\libgcc.a(_copy_data.o)
 .text.libgcc.fixed
                0x00000000        0x0 c:/program files (x86)/atmel/studio/7.0/toolchain/avr8/avr8-gnu-toolchain/bin/../lib/gcc/avr/5.4.0/avr5\libgcc.a(_copy_data.o)
 .text          0x00000000        0x0 c:/program files (x86)/atmel/studio/7.0/toolchain/avr8/avr8-gnu-toolchain/bin/../lib/gcc/avr/5.4.0/avr5\libgcc.a(_clear_bss.o)
 .data          0x00000000        0x0 c:/program files (x86)/atmel/studio/7.0/toolchain/avr8/avr8-gnu-toolchain/bin/../lib/gcc/avr/5.4.0/avr5\libgcc.a(_clear_bss.o)
 .bss           0x00000000        0x0 c:/program files (x86)/atmel/studio/7.0/toolchain/avr8/avr8-gnu-toolchain/bin/../lib/gcc/avr/5.4.0/avr5\libgcc.a(_clear_bss.o)
 .text.libgcc.mul
                0x00000000        0x0 c:/program files (x86)/atmel/studio/7.0/toolchain/avr8/avr8-gnu-toolchain/bin/../lib/gcc/avr/5.4.0/avr5\libgcc.a(_clear_bss.o)
 .text.libgcc.div
                0x00000000        0x0 c:/program files (x86)/atmel/studio/7.0/toolchain/avr8/avr8-gnu-toolchain/bin/../lib/gcc/avr/5.4.0/avr5\libgcc.a(_clear_bss.o)
 .text.libgcc   0x00000000        0x0 c:/program files (x86)/atmel/studio/7.0/toolchain/avr8/avr8-gnu-toolchain/bin/../lib/gcc/avr/5.4.0/avr5\libgcc.a(_clear_bss.o)
 .text.libgcc.prologue
                0x00000000        0x0 c:/program files (x86)/atmel/studio/7.0/toolchain/avr8/avr8-gnu-toolchain/bin/../lib/gcc/avr/5.4.0/avr5\libgcc.a(_clear_bss.o)
 .text.libgcc.builtins
                0x00000000        0x0 c:/program files (x86)/atmel/studio/7.0/toolchain/avr8/avr8-gnu-toolchain/bin/../lib/gcc/avr/5.4.0/avr5\libgcc.a(_clear_bss.o)
 .text.libgcc.fmul
                0x00000000        0x0 c:/program files (x86)/atmel/studio/7.0/toolchain/avr8/avr8-gnu-toolchain/bin/../lib/gcc/avr/5.4.0/avr5\libgcc.a(_clear_bss.o)
 .text.libgcc.fixed
                0x00000000        0x0 c:/program files (x86)/atmel/studio/7.0/toolchain/avr8/avr8-gnu-toolchain/bin/../lib/gcc/avr/5.4.0/avr5\libgcc.a(_clear_bss.o)

Memory Configuration

Name             Origin             Length             Attributes
text             0x00000000         0x00010000         xr
data             0x00800200         0x00002000         rw !x
eeprom           0x00810000         0x00001000         rw !x
fuse             0x00820000         0x00000003         rw !x
lock             0x00830000         0x00000400         rw !x
signature        0x00840000         0x00000400         rw !x
user_signatures  0x00850000         0x00000400         rw !x
*default*        0x00000000         0xffffffff

Linker script and memory map

Address of section .data set to 0x800200
LOAD C:/Program Files (x86)/Atmel/Studio/7.0/Packs/atmel/ATmega_DFP/1.7.374/gcc/dev/atmega640/avr5/crtatmega640.o
LOAD General.o
LOAD Integration.o
LOAD main.o
LOAD Parte_1.o
LOAD Parte_2.o
LOAD Parte_3.o
START GROUP
LOAD c:/program files (x86)/atmel/studio/7.0/toolchain/avr8/avr8-gnu-toolchain/bin/../lib/gcc/avr/5.4.0/../../../../avr/lib/avr5\libm.a
END GROUP
START GROUP
LOAD c:/program files (x86)/atmel/studio/7.0/toolchain/avr8/avr8-gnu-toolchain/bin/../lib/gcc/avr/5.4.0/avr5\libgcc.a
LOAD c:/program files (x86)/atmel/studio/7.0/toolchain/avr8/avr8-gnu-toolchain/bin/../lib/gcc/avr/5.4.0/../../../../avr/lib/avr5\libm.a
LOAD c:/program files (x86)/atmel/studio/7.0/toolchain/avr8/avr8-gnu-toolchain/bin/../lib/gcc/avr/5.4.0/../../../../avr/lib/avr5\libc.a
LOAD C:/Program Files (x86)/Atmel/Studio/7.0/Packs/atmel/ATmega_DFP/1.7.374/gcc/dev/atmega640/avr5\libatmega640.a
END GROUP
                0x00000000                __TEXT_REGION_ORIGIN__ = DEFINED (__TEXT_REGION_ORIGIN__)?__TEXT_REGION_ORIGIN__:0x0
                [0x00800200]                __DATA_REGION_ORIGIN__ = DEFINED (__DATA_REGION_ORIGIN__)?__DATA_REGION_ORIGIN__:0x800060
                [0x00010000]                __TEXT_REGION_LENGTH__ = DEFINED (__TEXT_REGION_LENGTH__)?__TEXT_REGION_LENGTH__:0x20000
                [0x00002000]                __DATA_REGION_LENGTH__ = DEFINED (__DATA_REGION_LENGTH__)?__DATA_REGION_LENGTH__:0xffa0
                [0x00001000]                __EEPROM_REGION_LENGTH__ = DEFINED (__EEPROM_REGION_LENGTH__)?__EEPROM_REGION_LENGTH__:0x10000
                [0x00000003]                __FUSE_REGION_LENGTH__ = DEFINED (__FUSE_REGION_LENGTH__)?__FUSE_REGION_LENGTH__:0x400
                0x00000400                __LOCK_REGION_LENGTH__ = DEFINED (__LOCK_REGION_LENGTH__)?__LOCK_REGION_LENGTH__:0x400
                0x00000400                __SIGNATURE_REGION_LENGTH__ = DEFINED (__SIGNATURE_REGION_LENGTH__)?__SIGNATURE_REGION_LENGTH__:0x400
                0x00000400                __USER_SIGNATURE_REGION_LENGTH__ = DEFINED (__USER_SIGNATURE_REGION_LENGTH__)?__USER_SIGNATURE_REGION_LENGTH__:0x400

.hash
 *(.hash)

.dynsym
 *(.dynsym)

.dynstr
 *(.dynstr)

.gnu.version
 *(.gnu.version)

.gnu.version_d
 *(.gnu.version_d)

.gnu.version_r
 *(.gnu.version_r)

.rel.init
 *(.rel.init)

.rela.init
 *(.rela.init)

.rel.text
 *(.rel.text)
 *(.rel.text.*)
 *(.rel.gnu.linkonce.t*)

.rela.text
 *(.rela.text)
 *(.rela.text.*)
 *(.rela.gnu.linkonce.t*)

.rel.fini
 *(.rel.fini)

.rela.fini
 *(.rela.fini)

.rel.rodata
 *(.rel.rodata)
 *(.rel.rodata.*)
 *(.rel.gnu.linkonce.r*)

.rela.rodata
 *(.rela.rodata)
 *(.rela.rodata.*)
 *(.rela.gnu.linkonce.r*)

.rel.data
 *(.rel.data)
 *(.rel.data.*)
 *(.rel.gnu.linkonce.d*)

.rela.data
 *(.rela.data)
 *(.rela.data.*)
 *(.rela.gnu.linkonce.d*)

.rel.ctors
 *(.rel.ctors)

.rela.ctors
 *(.rela.ctors)

.rel.dtors
 *(.rel.dtors)

.rela.dtors
 *(.rela.dtors)

.rel.got
 *(.rel.got)

.rela.got
 *(.rela.got)

.rel.bss
 *(.rel.bss)

.rela.bss
 *(.rela.bss)

.rel.plt
 *(.rel.plt)

.rela.plt
 *(.rela.plt)

.text           0x00000000      0xadc
 *(.vectors)
 .vectors       0x00000000       0xe4 C:/Program Files (x86)/Atmel/Studio/7.0/Packs/atmel/ATmega_DFP/1.7.374/gcc/dev/atmega640/avr5/crtatmega640.o
                0x00000000                __vector_default
                0x00000000                __vectors
 *(.vectors)
 *(.progmem.gcc*)
                0x000000e4                . = ALIGN (0x2)
                0x000000e4                __trampolines_start = .
 *(.trampolines)
 .trampolines   0x000000e4        0x0 linker stubs
 *(.trampolines*)
                0x000000e4                __trampolines_end = .
 *libprintf_flt.a:*(.progmem.data)
 *libc.a:*(.progmem.data)
 *(.progmem*)
                0x000000e4                . = ALIGN (0x2)
 *(.jumptables)
 *(.jumptables*)
 *(.lowtext)
 *(.lowtext*)
                0x000000e4                __ctors_start = .
 *(.ctors)
                0x000000e4                __ctors_end = .
                0x000000e4                __dtors_start = .
 *(.dtors)
                0x000000e4                __dtors_end = .
 SORT(*)(.ctors)
 SORT(*)(.dtors)
 *(.init0)
 .init0         0x000000e4        0x0 C:/Program Files (x86)/Atmel/Studio/7.0/Packs/atmel/ATmega_DFP/1.7.374/gcc/dev/atmega640/avr5/crtatmega640.o
                0x000000e4                __init
 *(.init0)
 *(.init1)
 *(.init1)
 *(.init2)
 .init2         0x000000e4        0xc C:/Program Files (x86)/Atmel/Studio/7.0/Packs/atmel/ATmega_DFP/1.7.374/gcc/dev/atmega640/avr5/crtatmega640.o
 *(.init2)
 *(.init3)
 *(.init3)
 *(.init4)
 .init4         0x000000f0       0x16 c:/program files (x86)/atmel/studio/7.0/toolchain/avr8/avr8-gnu-toolchain/bin/../lib/gcc/avr/5.4.0/avr5\libgcc.a(_copy_data.o)
                0x000000f0                __do_copy_data
 .init4         0x00000106       0x10 c:/program files (x86)/atmel/studio/7.0/toolchain/avr8/avr8-gnu-toolchain/bin/../lib/gcc/avr/5.4.0/avr5\libgcc.a(_clear_bss.o)
                0x00000106                __do_clear_bss
 *(.init4)
 *(.init5)
 *(.init5)
 *(.init6)
 *(.init6)
 *(.init7)
 *(.init7)
 *(.init8)
 *(.init8)
 *(.init9)
 .init9         0x00000116        0x8 C:/Program Files (x86)/Atmel/Studio/7.0/Packs/atmel/ATmega_DFP/1.7.374/gcc/dev/atmega640/avr5/crtatmega640.o
 *(.init9)
 *(.text)
 .text          0x0000011e        0x4 C:/Program Files (x86)/Atmel/Studio/7.0/Packs/atmel/ATmega_DFP/1.7.374/gcc/dev/atmega640/avr5/crtatmega640.o
                0x0000011e                __vector_38
                0x0000011e                __vector_22
                0x0000011e                __vector_28
                0x0000011e                __vector_34
                0x0000011e                __vector_24
                0x0000011e                __vector_12
                0x0000011e                __vector_55
                0x0000011e                __vector_46
                0x0000011e                __bad_interrupt
                0x0000011e                __vector_6
                0x0000011e                __vector_31
                0x0000011e                __vector_35
                0x0000011e                __vector_39
                0x0000011e                __vector_3
                0x0000011e                __vector_23
                0x0000011e                __vector_30
                0x0000011e                __vector_45
                0x0000011e                __vector_25
                0x0000011e                __vector_11
                0x0000011e                __vector_54
                0x0000011e                __vector_13
                0x0000011e                __vector_17
                0x0000011e                __vector_19
                0x0000011e                __vector_56
                0x0000011e                __vector_7
                0x0000011e                __vector_49
                0x0000011e                __vector_41
                0x0000011e                __vector_43
                0x0000011e                __vector_27
                0x0000011e                __vector_5
                0x0000011e                __vector_33
                0x0000011e                __vector_52
                0x0000011e                __vector_37
                0x0000011e                __vector_4
                0x0000011e                __vector_44
                0x0000011e                __vector_51
                0x0000011e                __vector_2
                0x0000011e                __vector_21
                0x0000011e                __vector_15
                0x0000011e                __vector_36
                0x0000011e                __vector_29
                0x0000011e                __vector_40
                0x0000011e                __vector_8
                0x0000011e                __vector_26
                0x0000011e                __vector_48
                0x0000011e                __vector_14
                0x0000011e                __vector_53
                0x0000011e                __vector_10
                0x0000011e                __vector_50
                0x0000011e                __vector_16
                0x0000011e                __vector_18
                0x0000011e                __vector_20
                0x00000122                . = ALIGN (0x2)
 *(.text.*)
 .text.setStop  0x00000122        0x8 General.o
                0x00000122                setStop
 .text.setupTimers
                0x0000012a       0x70 General.o
                0x0000012a                setupTimers
 .text.millis   0x0000019a       0x12 General.o
                0x0000019a                millis
 .text.decNumCarLavado
                0x000001ac       0x14 General.o
                0x000001ac                decNumCarLavado
 .text.incNumCarSecado
                0x000001c0        0xc General.o
                0x000001c0                incNumCarSecado
 .text.decNumCarSecado
                0x000001cc       0x14 General.o
                0x000001cc                decNumCarSecado
 .text.setup_General
                0x000001e0        0x6 General.o
                0x000001e0                setup_General
 .text.setup_sensores_integration
                0x000001e6       0x56 Integration.o
                0x000001e6                setup_sensores_integration
 .text.setup_Integration
                0x0000023c        0x6 Integration.o
                0x0000023c                setup_Integration
 .text.__vector_42
                0x00000242       0xb4 Integration.o
                0x00000242                __vector_42
 .text.__vector_32
                0x000002f6       0xe2 Integration.o
                0x000002f6                __vector_32
 .text.__vector_1
                0x000003d8       0x48 Integration.o
                0x000003d8                __vector_1
 .text.__vector_9
                0x00000420      0x13a Integration.o
                0x00000420                __vector_9
 .text.main     0x0000055a       0x22 main.o
                0x0000055a                main
 .text.setup_LavHorizontal
                0x0000057c       0x2e Parte_1.o
                0x0000057c                setup_LavHorizontal
 .text.up_LavHorizontal
                0x000005aa       0x12 Parte_1.o
                0x000005aa                up_LavHorizontal
 .text.down_LavHorizontal
                0x000005bc       0x12 Parte_1.o
                0x000005bc                down_LavHorizontal
 .text.stop_AlturaH
                0x000005ce        0x8 Parte_1.o
                0x000005ce                stop_AlturaH
 .text.on_LavHorizontal
                0x000005d6        0x8 Parte_1.o
                0x000005d6                on_LavHorizontal
 .text.off_LavHorizontal
                0x000005de        0x8 Parte_1.o
                0x000005de                off_LavHorizontal
 .text.lavaderoHorizontal
                0x000005e6       0xb4 Parte_1.o
                0x000005e6                lavaderoHorizontal
 .text.setup_secado
                0x0000069a       0x1a Parte_1.o
                0x0000069a                setup_secado
 .text.up_secado
                0x000006b4        0xe Parte_1.o
                0x000006b4                up_secado
 .text.down_secado
                0x000006c2        0xe Parte_1.o
                0x000006c2                down_secado
 .text.stop_secado
                0x000006d0        0x8 Parte_1.o
                0x000006d0                stop_secado
 .text.secado   0x000006d8       0xce Parte_1.o
                0x000006d8                secado
 .text.setup_Parte1
                0x000007a6        0xe Parte_1.o
                0x000007a6                setup_Parte1
 .text.Parte_1  0x000007b4       0x16 Parte_1.o
                0x000007b4                Parte_1
 .text.setup_barrera
                0x000007ca       0x58 Parte_2.o
                0x000007ca                setup_barrera
 .text.barrera  0x00000822       0x76 Parte_2.o
                0x00000822                barrera
 .text.setup_luz
                0x00000898       0x42 Parte_2.o
                0x00000898                setup_luz
 .text.control_LED1
                0x000008da       0x20 Parte_2.o
                0x000008da                control_LED1
 .text.__vector_47
                0x000008fa       0x5c Parte_2.o
                0x000008fa                __vector_47
 .text.setup_lv
                0x00000956       0x16 Parte_2.o
                0x00000956                setup_lv
 .text.lavadovertical
                0x0000096c       0x26 Parte_2.o
                0x0000096c                lavadovertical
 .text.setup_Parte2
                0x00000992        0xe Parte_2.o
                0x00000992                setup_Parte2
 .text.Parte_2  0x000009a0        0xe Parte_2.o
                0x000009a0                Parte_2
 .text.setupCinta
                0x000009ae       0x1c Parte_3.o
                0x000009ae                setupCinta
 .text.moveCinta
                0x000009ca        0x8 Parte_3.o
                0x000009ca                moveCinta
 .text.stopCinta
                0x000009d2        0x8 Parte_3.o
                0x000009d2                stopCinta
 .text.cinta    0x000009da       0x1c Parte_3.o
                0x000009da                cinta
 .text.setup_semaforo
                0x000009f6       0x12 Parte_3.o
                0x000009f6                setup_semaforo
 .text.semaforo
                0x00000a08       0x52 Parte_3.o
                0x00000a08                semaforo
 .text.setup_ParadaEmergencia
                0x00000a5a       0x18 Parte_3.o
                0x00000a5a                setup_ParadaEmergencia
 .text.ParadaEmergencia
                0x00000a72        0x6 Parte_3.o
                0x00000a72                ParadaEmergencia
 .text.setup_Parte3
                0x00000a78       0x12 Parte_3.o
                0x00000a78                setup_Parte3
 .text.Parte_3  0x00000a8a        0xa Parte_3.o
                0x00000a8a                Parte_3
 .text.libgcc.div
                0x00000a94       0x44 c:/program files (x86)/atmel/studio/7.0/toolchain/avr8/avr8-gnu-toolchain/bin/../lib/gcc/avr/5.4.0/avr5\libgcc.a(_udivmodsi4.o)
                0x00000a94                __udivmodsi4
                0x00000ad8                . = ALIGN (0x2)
 *(.fini9)
 .fini9         0x00000ad8        0x0 c:/program files (x86)/atmel/studio/7.0/toolchain/avr8/avr8-gnu-toolchain/bin/../lib/gcc/avr/5.4.0/avr5\libgcc.a(_exit.o)
                0x00000ad8                _exit
                0x00000ad8                exit
 *(.fini9)
 *(.fini8)
 *(.fini8)
 *(.fini7)
 *(.fini7)
 *(.fini6)
 *(.fini6)
 *(.fini5)
 *(.fini5)
 *(.fini4)
 *(.fini4)
 *(.fini3)
 *(.fini3)
 *(.fini2)
 *(.fini2)
 *(.fini1)
 *(.fini1)
 *(.fini0)
 .fini0         0x00000ad8        0x4 c:/program files (x86)/atmel/studio/7.0/toolchain/avr8/avr8-gnu-toolchain/bin/../lib/gcc/avr/5.4.0/avr5\libgcc.a(_exit.o)
 *(.fini0)
                0x00000adc                _etext = .

.data           0x00800200       0x12 load address 0x00000adc
                0x00800200                PROVIDE (__data_start, .)
 *(.data)
 *(.data*)
 .data.EnableEntrance
                0x00800200        0x1 General.o
                0x00800200                EnableEntrance
 .data.reg_SO12
                0x00800201        0x1 Integration.o
                0x00800201                reg_SO12
 .data.reg_SO6  0x00800202        0x1 Integration.o
                0x00800202                reg_SO6
 .data.reg_SO3  0x00800203        0x1 Integration.o
                0x00800203                reg_SO3
 .data.reg_SO1  0x00800204        0x1 Integration.o
                0x00800204                reg_SO1
 .data.so9p     0x00800205        0x1 Integration.o
                0x00800205                so9p
 .data.so8p     0x00800206        0x1 Integration.o
                0x00800206                so8p
 .data.so7p     0x00800207        0x1 Integration.o
                0x00800207                so7p
 .data.so9      0x00800208        0x1 Integration.o
                0x00800208                so9
 .data.so8      0x00800209        0x1 Integration.o
                0x00800209                so8
 .data.so7      0x0080020a        0x1 Integration.o
                0x0080020a                so7
 .data.so5p     0x0080020b        0x1 Integration.o
                0x0080020b                so5p
 .data.so4p     0x0080020c        0x1 Integration.o
                0x0080020c                so4p
 .data.so3p     0x0080020d        0x1 Integration.o
                0x0080020d                so3p
 .data.so5      0x0080020e        0x1 Integration.o
                0x0080020e                so5
 .data.so4      0x0080020f        0x1 Integration.o
                0x0080020f                so4
 .data.so3      0x00800210        0x1 Integration.o
                0x00800210                so3
 .data.aux_parpadeo_LED1
                0x00800211        0x1 Parte_2.o
                0x00800211                aux_parpadeo_LED1
 *(.gnu.linkonce.d*)
 *(.rodata)
 *(.rodata*)
 *(.gnu.linkonce.r*)
                0x00800212                . = ALIGN (0x2)
                0x00800212                _edata = .
                0x00800212                PROVIDE (__data_end, .)

.bss            0x00800212       0x1c
                0x00800212                PROVIDE (__bss_start, .)
 *(.bss)
 *(.bss*)
 .bss.cnt_prove_new
                0x00800212        0x4 General.o
                0x00800212                cnt_prove_new
 .bss.enable_prove_new
                0x00800216        0x1 General.o
                0x00800216                enable_prove_new
 .bss.NumCarSecado
                0x00800217        0x1 General.o
                0x00800217                NumCarSecado
 .bss.NumCarLavado
                0x00800218        0x1 General.o
                0x00800218                NumCarLavado
 .bss.ms        0x00800219        0x4 General.o
                0x00800219                ms
 .bss.s         0x0080021d        0x4 General.o
                0x0080021d                s
 .bss.Stop      0x00800221        0x1 General.o
                0x00800221                Stop
 .bss.limit_switch_sec
                0x00800222        0x1 Integration.o
                0x00800222                limit_switch_sec
 .bss.limit_switch_lavH
                0x00800223        0x1 Integration.o
                0x00800223                limit_switch_lavH
 .bss.enable_check_parte1
                0x00800224        0x1 Integration.o
                0x00800224                enable_check_parte1
 .bss.aux_sec   0x00800225        0x1 Parte_1.o
                0x00800225                aux_sec
 .bss.aux_lavH  0x00800226        0x1 Parte_1.o
                0x00800226                aux_lavH
 .bss.modo_lavado
                0x00800227        0x1 Parte_2.o
                0x00800227                modo_lavado
 .bss.timer_ticks
                0x00800228        0x1 Parte_2.o
                0x00800228                timer_ticks
 .bss.cnt_apertura_barrera
                0x00800229        0x4 Parte_2.o
                0x00800229                cnt_apertura_barrera
 .bss.modo_barrera
                0x0080022d        0x1 Parte_2.o
                0x0080022d                modo_barrera
 *(COMMON)
                0x0080022e                PROVIDE (__bss_end, .)
                0x00000adc                __data_load_start = LOADADDR (.data)
                0x00000aee                __data_load_end = (__data_load_start + SIZEOF (.data))

.noinit         0x0080022e        0x0
                [!provide]                PROVIDE (__noinit_start, .)
 *(.noinit*)
                [!provide]                PROVIDE (__noinit_end, .)
                0x0080022e                _end = .
                [!provide]                PROVIDE (__heap_start, .)

.eeprom         0x00810000        0x0
 *(.eeprom*)
                0x00810000                __eeprom_end = .

.fuse
 *(.fuse)
 *(.lfuse)
 *(.hfuse)
 *(.efuse)

.lock
 *(.lock*)

.signature
 *(.signature*)

.user_signatures
 *(.user_signatures*)

.stab
 *(.stab)

.stabstr
 *(.stabstr)

.stab.excl
 *(.stab.excl)

.stab.exclstr
 *(.stab.exclstr)

.stab.index
 *(.stab.index)

.stab.indexstr
 *(.stab.indexstr)

.comment        0x00000000       0x30
 *(.comment)
 .comment       0x00000000       0x30 General.o
                                 0x31 (size before relaxing)
 .comment       0x00000030       0x31 Integration.o
 .comment       0x00000030       0x31 main.o
 .comment       0x00000030       0x31 Parte_1.o
 .comment       0x00000030       0x31 Parte_2.o
 .comment       0x00000030       0x31 Parte_3.o

.note.gnu.avr.deviceinfo
                0x00000000       0x3c
 .note.gnu.avr.deviceinfo
                0x00000000       0x3c C:/Program Files (x86)/Atmel/Studio/7.0/Packs/atmel/ATmega_DFP/1.7.374/gcc/dev/atmega640/avr5/crtatmega640.o

.note.gnu.build-id
 *(.note.gnu.build-id)

.debug
 *(.debug)

.line
 *(.line)

.debug_srcinfo
 *(.debug_srcinfo)

.debug_sfnames
 *(.debug_sfnames)

.debug_aranges  0x00000000      0x268
 *(.debug_aranges)
 .debug_aranges
                0x00000000       0x88 General.o
 .debug_aranges
                0x00000088       0x48 Integration.o
 .debug_aranges
                0x000000d0       0x20 main.o
 .debug_aranges
                0x000000f0       0x88 Parte_1.o
 .debug_aranges
                0x00000178       0x88 Parte_2.o
 .debug_aranges
                0x00000200       0x68 Parte_3.o

.debug_pubnames
 *(.debug_pubnames)

.debug_info     0x00000000     0x1a62
 *(.debug_info .gnu.linkonce.wi.*)
 .debug_info    0x00000000      0xba9 C:/Program Files (x86)/Atmel/Studio/7.0/Packs/atmel/ATmega_DFP/1.7.374/gcc/dev/atmega640/avr5/crtatmega640.o
 .debug_info    0x00000ba9      0x2c5 General.o
 .debug_info    0x00000e6e      0x31a Integration.o
 .debug_info    0x00001188      0x133 main.o
 .debug_info    0x000012bb      0x336 Parte_1.o
 .debug_info    0x000015f1      0x29f Parte_2.o
 .debug_info    0x00001890      0x1d2 Parte_3.o

.debug_abbrev   0x00000000      0xfbd
 *(.debug_abbrev)
 .debug_abbrev  0x00000000      0xb08 C:/Program Files (x86)/Atmel/Studio/7.0/Packs/atmel/ATmega_DFP/1.7.374/gcc/dev/atmega640/avr5/crtatmega640.o
 .debug_abbrev  0x00000b08       0xf1 General.o
 .debug_abbrev  0x00000bf9      0x117 Integration.o
 .debug_abbrev  0x00000d10       0x7a main.o
 .debug_abbrev  0x00000d8a       0xb0 Parte_1.o
 .debug_abbrev  0x00000e3a       0xe3 Parte_2.o
 .debug_abbrev  0x00000f1d       0xa0 Parte_3.o

.debug_line     0x00000000     0x10f2
 *(.debug_line .debug_line.* .debug_line_end)
 .debug_line    0x00000000      0x1ee C:/Program Files (x86)/Atmel/Studio/7.0/Packs/atmel/ATmega_DFP/1.7.374/gcc/dev/atmega640/avr5/crtatmega640.o
 .debug_line    0x000001ee      0x271 General.o
 .debug_line    0x0000045f      0x319 Integration.o
 .debug_line    0x00000778       0xbb main.o
 .debug_line    0x00000833      0x3a7 Parte_1.o
 .debug_line    0x00000bda      0x2fd Parte_2.o
 .debug_line    0x00000ed7      0x21b Parte_3.o

.debug_frame    0x00000000      0x588
 *(.debug_frame)
 .debug_frame   0x00000000      0x12c General.o
 .debug_frame   0x0000012c      0x170 Integration.o
 .debug_frame   0x0000029c       0x24 main.o
 .debug_frame   0x000002c0       0xf4 Parte_1.o
 .debug_frame   0x000003b4      0x120 Parte_2.o
 .debug_frame   0x000004d4       0xb4 Parte_3.o

.debug_str      0x00000000      0x954
 *(.debug_str)
 .debug_str     0x00000000      0x3e0 C:/Program Files (x86)/Atmel/Studio/7.0/Packs/atmel/ATmega_DFP/1.7.374/gcc/dev/atmega640/avr5/crtatmega640.o
 .debug_str     0x000003e0      0x257 General.o
                                0x2b2 (size before relaxing)
 .debug_str     0x00000637       0xe4 Integration.o
                                0x2ed (size before relaxing)
 .debug_str     0x0000071b       0x50 main.o
                                0x1ec (size before relaxing)
 .debug_str     0x0000076b       0xaf Parte_1.o
                                0x2ae (size before relaxing)
 .debug_str     0x0000081a       0xe0 Parte_2.o
                                0x2b4 (size before relaxing)
 .debug_str     0x000008fa       0x5a Parte_3.o
                                0x22f (size before relaxing)

.debug_loc      0x00000000      0x427
 *(.debug_loc)
 .debug_loc     0x00000000       0xc4 General.o
 .debug_loc     0x000000c4      0x2d1 Integration.o
 .debug_loc     0x00000395       0x92 Parte_2.o

.debug_macinfo
 *(.debug_macinfo)

.debug_weaknames
 *(.debug_weaknames)

.debug_funcnames
 *(.debug_funcnames)

.debug_typenames
 *(.debug_typenames)

.debug_varnames
 *(.debug_varnames)

.debug_pubtypes
 *(.debug_pubtypes)

.debug_ranges   0x00000000      0x208
 *(.debug_ranges)
 .debug_ranges  0x00000000       0x78 General.o
 .debug_ranges  0x00000078       0x38 Integration.o
 .debug_ranges  0x000000b0       0x10 main.o
 .debug_ranges  0x000000c0       0x78 Parte_1.o
 .debug_ranges  0x00000138       0x78 Parte_2.o
 .debug_ranges  0x000001b0       0x58 Parte_3.o

.debug_macro
 *(.debug_macro)
OUTPUT(Lavadero_v2.0.elf elf32-avr)
LOAD linker stubs
