Archive member included to satisfy reference by file (symbol)

c:/program files (x86)/atmel/studio/7.0/toolchain/avr8/avr8-gnu-toolchain/bin/../lib/gcc/avr/5.4.0/avr5\libgcc.a(_udivmodsi4.o)
                              Integration.o (__udivmodsi4)
c:/program files (x86)/atmel/studio/7.0/toolchain/avr8/avr8-gnu-toolchain/bin/../lib/gcc/avr/5.4.0/avr5\libgcc.a(_exit.o)
                              C:/Program Files (x86)/Atmel/Studio/7.0/Packs/atmel/ATmega_DFP/1.6.364/gcc/dev/atmega640/avr5/crtatmega640.o (exit)
c:/program files (x86)/atmel/studio/7.0/toolchain/avr8/avr8-gnu-toolchain/bin/../lib/gcc/avr/5.4.0/avr5\libgcc.a(_copy_data.o)
                              Integration.o (__do_copy_data)
c:/program files (x86)/atmel/studio/7.0/toolchain/avr8/avr8-gnu-toolchain/bin/../lib/gcc/avr/5.4.0/avr5\libgcc.a(_clear_bss.o)
                              General.o (__do_clear_bss)

Allocating common symbols
Common symbol       size              file

ms                  0x4               General.o
cnt_prove_new       0x4               General.o
s                   0x4               General.o
NumCarLavado        0x1               General.o
EnableEntrance      0x1               General.o
Stop                0x1               General.o
enable_prove_new    0x1               General.o
NumCarSecado        0x1               General.o

Discarded input sections

 .data          0x00000000        0x0 C:/Program Files (x86)/Atmel/Studio/7.0/Packs/atmel/ATmega_DFP/1.6.364/gcc/dev/atmega640/avr5/crtatmega640.o
 .bss           0x00000000        0x0 C:/Program Files (x86)/Atmel/Studio/7.0/Packs/atmel/ATmega_DFP/1.6.364/gcc/dev/atmega640/avr5/crtatmega640.o
 .text          0x00000000        0x0 General.o
 .data          0x00000000        0x0 General.o
 .bss           0x00000000        0x0 General.o
 .text.setStop  0x00000000        0x8 General.o
 .text.getStop  0x00000000        0x6 General.o
 .text.delay_milliseconds
                0x00000000       0x68 General.o
 .text.delay_seconds
                0x00000000       0x68 General.o
 .text.millis   0x00000000       0x12 General.o
 .text.seconds  0x00000000       0x12 General.o
 .text.getNumCarLavado
                0x00000000        0x6 General.o
 .text.getNumCarSecado
                0x00000000        0x6 General.o
 .text          0x00000000        0x0 Integration.o
 .data          0x00000000        0x0 Integration.o
 .bss           0x00000000        0x0 Integration.o
 .text          0x00000000        0x0 main.o
 .data          0x00000000        0x0 main.o
 .bss           0x00000000        0x0 main.o
 .text          0x00000000        0x0 Parte_1.o
 .data          0x00000000        0x0 Parte_1.o
 .bss           0x00000000        0x0 Parte_1.o
 .text          0x00000000        0x0 Parte_2.o
 .data          0x00000000        0x0 Parte_2.o
 .bss           0x00000000        0x0 Parte_2.o
 .bss.modo_lavado
                0x00000000        0x1 Parte_2.o
 .text          0x00000000        0x0 Parte_3.o
 .data          0x00000000        0x0 Parte_3.o
 .bss           0x00000000        0x0 Parte_3.o
 .text          0x00000000        0x0 c:/program files (x86)/atmel/studio/7.0/toolchain/avr8/avr8-gnu-toolchain/bin/../lib/gcc/avr/5.4.0/avr5\libgcc.a(_udivmodsi4.o)
 .data          0x00000000        0x0 c:/program files (x86)/atmel/studio/7.0/toolchain/avr8/avr8-gnu-toolchain/bin/../lib/gcc/avr/5.4.0/avr5\libgcc.a(_udivmodsi4.o)
 .bss           0x00000000        0x0 c:/program files (x86)/atmel/studio/7.0/toolchain/avr8/avr8-gnu-toolchain/bin/../lib/gcc/avr/5.4.0/avr5\libgcc.a(_udivmodsi4.o)
 .text.libgcc.mul
                0x00000000        0x0 c:/program files (x86)/atmel/studio/7.0/toolchain/avr8/avr8-gnu-toolchain/bin/../lib/gcc/avr/5.4.0/avr5\libgcc.a(_udivmodsi4.o)
 .text.libgcc   0x00000000        0x0 c:/program files (x86)/atmel/studio/7.0/toolchain/avr8/avr8-gnu-toolchain/bin/../lib/gcc/avr/5.4.0/avr5\libgcc.a(_udivmodsi4.o)
 .text.libgcc.prologue
                0x00000000        0x0 c:/program files (x86)/atmel/studio/7.0/toolchain/avr8/avr8-gnu-toolchain/bin/../lib/gcc/avr/5.4.0/avr5\libgcc.a(_udivmodsi4.o)
 .text.libgcc.builtins
                0x00000000        0x0 c:/program files (x86)/atmel/studio/7.0/toolchain/avr8/avr8-gnu-toolchain/bin/../lib/gcc/avr/5.4.0/avr5\libgcc.a(_udivmodsi4.o)
 .text.libgcc.fmul
                0x00000000        0x0 c:/program files (x86)/atmel/studio/7.0/toolchain/avr8/avr8-gnu-toolchain/bin/../lib/gcc/avr/5.4.0/avr5\libgcc.a(_udivmodsi4.o)
 .text.libgcc.fixed
                0x00000000        0x0 c:/program files (x86)/atmel/studio/7.0/toolchain/avr8/avr8-gnu-toolchain/bin/../lib/gcc/avr/5.4.0/avr5\libgcc.a(_udivmodsi4.o)
 .text          0x00000000        0x0 c:/program files (x86)/atmel/studio/7.0/toolchain/avr8/avr8-gnu-toolchain/bin/../lib/gcc/avr/5.4.0/avr5\libgcc.a(_exit.o)
 .data          0x00000000        0x0 c:/program files (x86)/atmel/studio/7.0/toolchain/avr8/avr8-gnu-toolchain/bin/../lib/gcc/avr/5.4.0/avr5\libgcc.a(_exit.o)
 .bss           0x00000000        0x0 c:/program files (x86)/atmel/studio/7.0/toolchain/avr8/avr8-gnu-toolchain/bin/../lib/gcc/avr/5.4.0/avr5\libgcc.a(_exit.o)
 .text.libgcc.mul
                0x00000000        0x0 c:/program files (x86)/atmel/studio/7.0/toolchain/avr8/avr8-gnu-toolchain/bin/../lib/gcc/avr/5.4.0/avr5\libgcc.a(_exit.o)
 .text.libgcc.div
                0x00000000        0x0 c:/program files (x86)/atmel/studio/7.0/toolchain/avr8/avr8-gnu-toolchain/bin/../lib/gcc/avr/5.4.0/avr5\libgcc.a(_exit.o)
 .text.libgcc   0x00000000        0x0 c:/program files (x86)/atmel/studio/7.0/toolchain/avr8/avr8-gnu-toolchain/bin/../lib/gcc/avr/5.4.0/avr5\libgcc.a(_exit.o)
 .text.libgcc.prologue
                0x00000000        0x0 c:/program files (x86)/atmel/studio/7.0/toolchain/avr8/avr8-gnu-toolchain/bin/../lib/gcc/avr/5.4.0/avr5\libgcc.a(_exit.o)
 .text.libgcc.builtins
                0x00000000        0x0 c:/program files (x86)/atmel/studio/7.0/toolchain/avr8/avr8-gnu-toolchain/bin/../lib/gcc/avr/5.4.0/avr5\libgcc.a(_exit.o)
 .text.libgcc.fmul
                0x00000000        0x0 c:/program files (x86)/atmel/studio/7.0/toolchain/avr8/avr8-gnu-toolchain/bin/../lib/gcc/avr/5.4.0/avr5\libgcc.a(_exit.o)
 .text.libgcc.fixed
                0x00000000        0x0 c:/program files (x86)/atmel/studio/7.0/toolchain/avr8/avr8-gnu-toolchain/bin/../lib/gcc/avr/5.4.0/avr5\libgcc.a(_exit.o)
 .text          0x00000000        0x0 c:/program files (x86)/atmel/studio/7.0/toolchain/avr8/avr8-gnu-toolchain/bin/../lib/gcc/avr/5.4.0/avr5\libgcc.a(_copy_data.o)
 .data          0x00000000        0x0 c:/program files (x86)/atmel/studio/7.0/toolchain/avr8/avr8-gnu-toolchain/bin/../lib/gcc/avr/5.4.0/avr5\libgcc.a(_copy_data.o)
 .bss           0x00000000        0x0 c:/program files (x86)/atmel/studio/7.0/toolchain/avr8/avr8-gnu-toolchain/bin/../lib/gcc/avr/5.4.0/avr5\libgcc.a(_copy_data.o)
 .text.libgcc.mul
                0x00000000        0x0 c:/program files (x86)/atmel/studio/7.0/toolchain/avr8/avr8-gnu-toolchain/bin/../lib/gcc/avr/5.4.0/avr5\libgcc.a(_copy_data.o)
 .text.libgcc.div
                0x00000000        0x0 c:/program files (x86)/atmel/studio/7.0/toolchain/avr8/avr8-gnu-toolchain/bin/../lib/gcc/avr/5.4.0/avr5\libgcc.a(_copy_data.o)
 .text.libgcc   0x00000000        0x0 c:/program files (x86)/atmel/studio/7.0/toolchain/avr8/avr8-gnu-toolchain/bin/../lib/gcc/avr/5.4.0/avr5\libgcc.a(_copy_data.o)
 .text.libgcc.prologue
                0x00000000        0x0 c:/program files (x86)/atmel/studio/7.0/toolchain/avr8/avr8-gnu-toolchain/bin/../lib/gcc/avr/5.4.0/avr5\libgcc.a(_copy_data.o)
 .text.libgcc.builtins
                0x00000000        0x0 c:/program files (x86)/atmel/studio/7.0/toolchain/avr8/avr8-gnu-toolchain/bin/../lib/gcc/avr/5.4.0/avr5\libgcc.a(_copy_data.o)
 .text.libgcc.fmul
                0x00000000        0x0 c:/program files (x86)/atmel/studio/7.0/toolchain/avr8/avr8-gnu-toolchain/bin/../lib/gcc/avr/5.4.0/avr5\libgcc.a(_copy_data.o)
 .text.libgcc.fixed
                0x00000000        0x0 c:/program files (x86)/atmel/studio/7.0/toolchain/avr8/avr8-gnu-toolchain/bin/../lib/gcc/avr/5.4.0/avr5\libgcc.a(_copy_data.o)
 .text          0x00000000        0x0 c:/program files (x86)/atmel/studio/7.0/toolchain/avr8/avr8-gnu-toolchain/bin/../lib/gcc/avr/5.4.0/avr5\libgcc.a(_clear_bss.o)
 .data          0x00000000        0x0 c:/program files (x86)/atmel/studio/7.0/toolchain/avr8/avr8-gnu-toolchain/bin/../lib/gcc/avr/5.4.0/avr5\libgcc.a(_clear_bss.o)
 .bss           0x00000000        0x0 c:/program files (x86)/atmel/studio/7.0/toolchain/avr8/avr8-gnu-toolchain/bin/../lib/gcc/avr/5.4.0/avr5\libgcc.a(_clear_bss.o)
 .text.libgcc.mul
                0x00000000        0x0 c:/program files (x86)/atmel/studio/7.0/toolchain/avr8/avr8-gnu-toolchain/bin/../lib/gcc/avr/5.4.0/avr5\libgcc.a(_clear_bss.o)
 .text.libgcc.div
                0x00000000        0x0 c:/program files (x86)/atmel/studio/7.0/toolchain/avr8/avr8-gnu-toolchain/bin/../lib/gcc/avr/5.4.0/avr5\libgcc.a(_clear_bss.o)
 .text.libgcc   0x00000000        0x0 c:/program files (x86)/atmel/studio/7.0/toolchain/avr8/avr8-gnu-toolchain/bin/../lib/gcc/avr/5.4.0/avr5\libgcc.a(_clear_bss.o)
 .text.libgcc.prologue
                0x00000000        0x0 c:/program files (x86)/atmel/studio/7.0/toolchain/avr8/avr8-gnu-toolchain/bin/../lib/gcc/avr/5.4.0/avr5\libgcc.a(_clear_bss.o)
 .text.libgcc.builtins
                0x00000000        0x0 c:/program files (x86)/atmel/studio/7.0/toolchain/avr8/avr8-gnu-toolchain/bin/../lib/gcc/avr/5.4.0/avr5\libgcc.a(_clear_bss.o)
 .text.libgcc.fmul
                0x00000000        0x0 c:/program files (x86)/atmel/studio/7.0/toolchain/avr8/avr8-gnu-toolchain/bin/../lib/gcc/avr/5.4.0/avr5\libgcc.a(_clear_bss.o)
 .text.libgcc.fixed
                0x00000000        0x0 c:/program files (x86)/atmel/studio/7.0/toolchain/avr8/avr8-gnu-toolchain/bin/../lib/gcc/avr/5.4.0/avr5\libgcc.a(_clear_bss.o)

Memory Configuration

Name             Origin             Length             Attributes
text             0x00000000         0x00010000         xr
data             0x00800200         0x00002000         rw !x
eeprom           0x00810000         0x00001000         rw !x
fuse             0x00820000         0x00000003         rw !x
lock             0x00830000         0x00000400         rw !x
signature        0x00840000         0x00000400         rw !x
user_signatures  0x00850000         0x00000400         rw !x
*default*        0x00000000         0xffffffff

Linker script and memory map

Address of section .data set to 0x800200
LOAD C:/Program Files (x86)/Atmel/Studio/7.0/Packs/atmel/ATmega_DFP/1.6.364/gcc/dev/atmega640/avr5/crtatmega640.o
LOAD General.o
LOAD Integration.o
LOAD main.o
LOAD Parte_1.o
LOAD Parte_2.o
LOAD Parte_3.o
START GROUP
LOAD c:/program files (x86)/atmel/studio/7.0/toolchain/avr8/avr8-gnu-toolchain/bin/../lib/gcc/avr/5.4.0/../../../../avr/lib/avr5\libm.a
END GROUP
START GROUP
LOAD c:/program files (x86)/atmel/studio/7.0/toolchain/avr8/avr8-gnu-toolchain/bin/../lib/gcc/avr/5.4.0/avr5\libgcc.a
LOAD c:/program files (x86)/atmel/studio/7.0/toolchain/avr8/avr8-gnu-toolchain/bin/../lib/gcc/avr/5.4.0/../../../../avr/lib/avr5\libm.a
LOAD c:/program files (x86)/atmel/studio/7.0/toolchain/avr8/avr8-gnu-toolchain/bin/../lib/gcc/avr/5.4.0/../../../../avr/lib/avr5\libc.a
LOAD C:/Program Files (x86)/Atmel/Studio/7.0/Packs/atmel/ATmega_DFP/1.6.364/gcc/dev/atmega640/avr5\libatmega640.a
END GROUP
                0x00000000                __TEXT_REGION_ORIGIN__ = DEFINED (__TEXT_REGION_ORIGIN__)?__TEXT_REGION_ORIGIN__:0x0
                [0x00800200]                __DATA_REGION_ORIGIN__ = DEFINED (__DATA_REGION_ORIGIN__)?__DATA_REGION_ORIGIN__:0x800060
                [0x00010000]                __TEXT_REGION_LENGTH__ = DEFINED (__TEXT_REGION_LENGTH__)?__TEXT_REGION_LENGTH__:0x20000
                [0x00002000]                __DATA_REGION_LENGTH__ = DEFINED (__DATA_REGION_LENGTH__)?__DATA_REGION_LENGTH__:0xffa0
                [0x00001000]                __EEPROM_REGION_LENGTH__ = DEFINED (__EEPROM_REGION_LENGTH__)?__EEPROM_REGION_LENGTH__:0x10000
                [0x00000003]                __FUSE_REGION_LENGTH__ = DEFINED (__FUSE_REGION_LENGTH__)?__FUSE_REGION_LENGTH__:0x400
                0x00000400                __LOCK_REGION_LENGTH__ = DEFINED (__LOCK_REGION_LENGTH__)?__LOCK_REGION_LENGTH__:0x400
                0x00000400                __SIGNATURE_REGION_LENGTH__ = DEFINED (__SIGNATURE_REGION_LENGTH__)?__SIGNATURE_REGION_LENGTH__:0x400
                0x00000400                __USER_SIGNATURE_REGION_LENGTH__ = DEFINED (__USER_SIGNATURE_REGION_LENGTH__)?__USER_SIGNATURE_REGION_LENGTH__:0x400

.hash
 *(.hash)

.dynsym
 *(.dynsym)

.dynstr
 *(.dynstr)

.gnu.version
 *(.gnu.version)

.gnu.version_d
 *(.gnu.version_d)

.gnu.version_r
 *(.gnu.version_r)

.rel.init
 *(.rel.init)

.rela.init
 *(.rela.init)

.rel.text
 *(.rel.text)
 *(.rel.text.*)
 *(.rel.gnu.linkonce.t*)

.rela.text
 *(.rela.text)
 *(.rela.text.*)
 *(.rela.gnu.linkonce.t*)

.rel.fini
 *(.rel.fini)

.rela.fini
 *(.rela.fini)

.rel.rodata
 *(.rel.rodata)
 *(.rel.rodata.*)
 *(.rel.gnu.linkonce.r*)

.rela.rodata
 *(.rela.rodata)
 *(.rela.rodata.*)
 *(.rela.gnu.linkonce.r*)

.rel.data
 *(.rel.data)
 *(.rel.data.*)
 *(.rel.gnu.linkonce.d*)

.rela.data
 *(.rela.data)
 *(.rela.data.*)
 *(.rela.gnu.linkonce.d*)

.rel.ctors
 *(.rel.ctors)

.rela.ctors
 *(.rela.ctors)

.rel.dtors
 *(.rel.dtors)

.rela.dtors
 *(.rela.dtors)

.rel.got
 *(.rel.got)

.rela.got
 *(.rela.got)

.rel.bss
 *(.rel.bss)

.rela.bss
 *(.rela.bss)

.rel.plt
 *(.rel.plt)

.rela.plt
 *(.rela.plt)

.text           0x00000000      0xc08
 *(.vectors)
 .vectors       0x00000000       0xe4 C:/Program Files (x86)/Atmel/Studio/7.0/Packs/atmel/ATmega_DFP/1.6.364/gcc/dev/atmega640/avr5/crtatmega640.o
                0x00000000                __vector_default
                0x00000000                __vectors
 *(.vectors)
 *(.progmem.gcc*)
                0x000000e4                . = ALIGN (0x2)
                0x000000e4                __trampolines_start = .
 *(.trampolines)
 .trampolines   0x000000e4        0x0 linker stubs
 *(.trampolines*)
                0x000000e4                __trampolines_end = .
 *libprintf_flt.a:*(.progmem.data)
 *libc.a:*(.progmem.data)
 *(.progmem*)
                0x000000e4                . = ALIGN (0x2)
 *(.jumptables)
 *(.jumptables*)
 *(.lowtext)
 *(.lowtext*)
                0x000000e4                __ctors_start = .
 *(.ctors)
                0x000000e4                __ctors_end = .
                0x000000e4                __dtors_start = .
 *(.dtors)
                0x000000e4                __dtors_end = .
 SORT(*)(.ctors)
 SORT(*)(.dtors)
 *(.init0)
 .init0         0x000000e4        0x0 C:/Program Files (x86)/Atmel/Studio/7.0/Packs/atmel/ATmega_DFP/1.6.364/gcc/dev/atmega640/avr5/crtatmega640.o
                0x000000e4                __init
 *(.init0)
 *(.init1)
 *(.init1)
 *(.init2)
 .init2         0x000000e4        0xc C:/Program Files (x86)/Atmel/Studio/7.0/Packs/atmel/ATmega_DFP/1.6.364/gcc/dev/atmega640/avr5/crtatmega640.o
 *(.init2)
 *(.init3)
 *(.init3)
 *(.init4)
 .init4         0x000000f0       0x16 c:/program files (x86)/atmel/studio/7.0/toolchain/avr8/avr8-gnu-toolchain/bin/../lib/gcc/avr/5.4.0/avr5\libgcc.a(_copy_data.o)
                0x000000f0                __do_copy_data
 .init4         0x00000106       0x10 c:/program files (x86)/atmel/studio/7.0/toolchain/avr8/avr8-gnu-toolchain/bin/../lib/gcc/avr/5.4.0/avr5\libgcc.a(_clear_bss.o)
                0x00000106                __do_clear_bss
 *(.init4)
 *(.init5)
 *(.init5)
 *(.init6)
 *(.init6)
 *(.init7)
 *(.init7)
 *(.init8)
 *(.init8)
 *(.init9)
 .init9         0x00000116        0x8 C:/Program Files (x86)/Atmel/Studio/7.0/Packs/atmel/ATmega_DFP/1.6.364/gcc/dev/atmega640/avr5/crtatmega640.o
 *(.init9)
 *(.text)
 .text          0x0000011e        0x4 C:/Program Files (x86)/Atmel/Studio/7.0/Packs/atmel/ATmega_DFP/1.6.364/gcc/dev/atmega640/avr5/crtatmega640.o
                0x0000011e                __vector_38
                0x0000011e                __vector_22
                0x0000011e                __vector_28
                0x0000011e                __vector_34
                0x0000011e                __vector_24
                0x0000011e                __vector_12
                0x0000011e                __vector_55
                0x0000011e                __vector_46
                0x0000011e                __bad_interrupt
                0x0000011e                __vector_6
                0x0000011e                __vector_31
                0x0000011e                __vector_35
                0x0000011e                __vector_39
                0x0000011e                __vector_3
                0x0000011e                __vector_23
                0x0000011e                __vector_30
                0x0000011e                __vector_45
                0x0000011e                __vector_25
                0x0000011e                __vector_11
                0x0000011e                __vector_54
                0x0000011e                __vector_13
                0x0000011e                __vector_17
                0x0000011e                __vector_19
                0x0000011e                __vector_56
                0x0000011e                __vector_7
                0x0000011e                __vector_49
                0x0000011e                __vector_41
                0x0000011e                __vector_43
                0x0000011e                __vector_27
                0x0000011e                __vector_5
                0x0000011e                __vector_33
                0x0000011e                __vector_52
                0x0000011e                __vector_37
                0x0000011e                __vector_4
                0x0000011e                __vector_44
                0x0000011e                __vector_51
                0x0000011e                __vector_2
                0x0000011e                __vector_21
                0x0000011e                __vector_15
                0x0000011e                __vector_36
                0x0000011e                __vector_29
                0x0000011e                __vector_40
                0x0000011e                __vector_8
                0x0000011e                __vector_26
                0x0000011e                __vector_48
                0x0000011e                __vector_14
                0x0000011e                __vector_53
                0x0000011e                __vector_10
                0x0000011e                __vector_50
                0x0000011e                __vector_16
                0x0000011e                __vector_18
                0x0000011e                __vector_20
                0x00000122                . = ALIGN (0x2)
 *(.text.*)
 .text.setupVariablesGeneral
                0x00000122       0x48 General.o
                0x00000122                setupVariablesGeneral
 .text.setupTimers
                0x0000016a       0x70 General.o
                0x0000016a                setupTimers
 .text.incNumCarLavado
                0x000001da        0xc General.o
                0x000001da                incNumCarLavado
 .text.decNumCarLavado
                0x000001e6       0x14 General.o
                0x000001e6                decNumCarLavado
 .text.incNumCarSecado
                0x000001fa        0xc General.o
                0x000001fa                incNumCarSecado
 .text.decNumCarSecado
                0x00000206       0x14 General.o
                0x00000206                decNumCarSecado
 .text.setup_General
                0x0000021a        0xa General.o
                0x0000021a                setup_General
 .text.setup_sensores_integration
                0x00000224       0x5c Integration.o
                0x00000224                setup_sensores_integration
 .text.setup_Integration
                0x00000280        0x6 Integration.o
                0x00000280                setup_Integration
 .text.__vector_42
                0x00000286       0xa6 Integration.o
                0x00000286                __vector_42
 .text.__vector_32
                0x0000032c       0xe2 Integration.o
                0x0000032c                __vector_32
 .text.setup_ParadaEmergencia
                0x0000040e       0x24 Integration.o
                0x0000040e                setup_ParadaEmergencia
 .text.ParadaEmergencia
                0x00000432       0x26 Integration.o
                0x00000432                ParadaEmergencia
 .text.__vector_1
                0x00000458        0xe Integration.o
                0x00000458                __vector_1
 .text.__vector_9
                0x00000466      0x194 Integration.o
                0x00000466                __vector_9
 .text.main     0x000005fa       0x22 main.o
                0x000005fa                main
 .text.setup_LavHorizontal
                0x0000061c       0x2e Parte_1.o
                0x0000061c                setup_LavHorizontal
 .text.up_LavHorizontal
                0x0000064a       0x12 Parte_1.o
                0x0000064a                up_LavHorizontal
 .text.down_LavHorizontal
                0x0000065c       0x12 Parte_1.o
                0x0000065c                down_LavHorizontal
 .text.stop_AlturaH
                0x0000066e        0x8 Parte_1.o
                0x0000066e                stop_AlturaH
 .text.on_LavHorizontal
                0x00000676        0x8 Parte_1.o
                0x00000676                on_LavHorizontal
 .text.off_LavHorizontal
                0x0000067e        0x8 Parte_1.o
                0x0000067e                off_LavHorizontal
 .text.lavaderoHorizontal
                0x00000686       0xbc Parte_1.o
                0x00000686                lavaderoHorizontal
 .text.setup_secado
                0x00000742       0x1a Parte_1.o
                0x00000742                setup_secado
 .text.up_secado
                0x0000075c        0xe Parte_1.o
                0x0000075c                up_secado
 .text.down_secado
                0x0000076a        0xe Parte_1.o
                0x0000076a                down_secado
 .text.stop_secado
                0x00000778        0x8 Parte_1.o
                0x00000778                stop_secado
 .text.secado   0x00000780       0xce Parte_1.o
                0x00000780                secado
 .text.setup_Parte1
                0x0000084e        0xe Parte_1.o
                0x0000084e                setup_Parte1
 .text.Parte_1  0x0000085c       0x28 Parte_1.o
                0x0000085c                Parte_1
 .text.setup_barrera
                0x00000884       0x3e Parte_2.o
                0x00000884                setup_barrera
 .text.openbarrera
                0x000008c2       0x32 Parte_2.o
                0x000008c2                openbarrera
 .text.closebarrera
                0x000008f4       0x12 Parte_2.o
                0x000008f4                closebarrera
 .text.stopbarrera
                0x00000906        0x6 Parte_2.o
                0x00000906                stopbarrera
 .text.barrera  0x0000090c       0x76 Parte_2.o
                0x0000090c                barrera
 .text.setup_luz
                0x00000982       0x48 Parte_2.o
                0x00000982                setup_luz
 .text.control_LED1
                0x000009ca       0x5a Parte_2.o
                0x000009ca                control_LED1
 .text.__vector_47
                0x00000a24       0x5c Parte_2.o
                0x00000a24                __vector_47
 .text.setup_lv
                0x00000a80       0x16 Parte_2.o
                0x00000a80                setup_lv
 .text.lavadovertical
                0x00000a96       0x1c Parte_2.o
                0x00000a96                lavadovertical
 .text.setup_Parte2
                0x00000ab2        0xe Parte_2.o
                0x00000ab2                setup_Parte2
 .text.Parte_2  0x00000ac0       0x12 Parte_2.o
                0x00000ac0                Parte_2
 .text.setupCinta
                0x00000ad2       0x1c Parte_3.o
                0x00000ad2                setupCinta
 .text.moveCinta
                0x00000aee       0x12 Parte_3.o
                0x00000aee                moveCinta
 .text.stopCinta
                0x00000b00       0x12 Parte_3.o
                0x00000b00                stopCinta
 .text.cinta    0x00000b12       0x1c Parte_3.o
                0x00000b12                cinta
 .text.setup_semaforo
                0x00000b2e       0x12 Parte_3.o
                0x00000b2e                setup_semaforo
 .text.off_Semaforo
                0x00000b40       0x12 Parte_3.o
                0x00000b40                off_Semaforo
 .text.semaforo
                0x00000b52       0x52 Parte_3.o
                0x00000b52                semaforo
 .text.setup_Parte3
                0x00000ba4       0x12 Parte_3.o
                0x00000ba4                setup_Parte3
 .text.Parte_3  0x00000bb6        0xa Parte_3.o
                0x00000bb6                Parte_3
 .text.libgcc.div
                0x00000bc0       0x44 c:/program files (x86)/atmel/studio/7.0/toolchain/avr8/avr8-gnu-toolchain/bin/../lib/gcc/avr/5.4.0/avr5\libgcc.a(_udivmodsi4.o)
                0x00000bc0                __udivmodsi4
                0x00000c04                . = ALIGN (0x2)
 *(.fini9)
 .fini9         0x00000c04        0x0 c:/program files (x86)/atmel/studio/7.0/toolchain/avr8/avr8-gnu-toolchain/bin/../lib/gcc/avr/5.4.0/avr5\libgcc.a(_exit.o)
                0x00000c04                _exit
                0x00000c04                exit
 *(.fini9)
 *(.fini8)
 *(.fini8)
 *(.fini7)
 *(.fini7)
 *(.fini6)
 *(.fini6)
 *(.fini5)
 *(.fini5)
 *(.fini4)
 *(.fini4)
 *(.fini3)
 *(.fini3)
 *(.fini2)
 *(.fini2)
 *(.fini1)
 *(.fini1)
 *(.fini0)
 .fini0         0x00000c04        0x4 c:/program files (x86)/atmel/studio/7.0/toolchain/avr8/avr8-gnu-toolchain/bin/../lib/gcc/avr/5.4.0/avr5\libgcc.a(_exit.o)
 *(.fini0)
                0x00000c08                _etext = .

.data           0x00800200       0x12 load address 0x00000c08
                0x00800200                PROVIDE (__data_start, .)
 *(.data)
 *(.data*)
 .data.reg_SO12
                0x00800200        0x1 Integration.o
                0x00800200                reg_SO12
 .data.reg_SO10
                0x00800201        0x1 Integration.o
                0x00800201                reg_SO10
 .data.reg_SO6  0x00800202        0x1 Integration.o
                0x00800202                reg_SO6
 .data.reg_SO3  0x00800203        0x1 Integration.o
                0x00800203                reg_SO3
 .data.reg_SO1  0x00800204        0x1 Integration.o
                0x00800204                reg_SO1
 .data.so9p     0x00800205        0x1 Integration.o
                0x00800205                so9p
 .data.so8p     0x00800206        0x1 Integration.o
                0x00800206                so8p
 .data.so7p     0x00800207        0x1 Integration.o
                0x00800207                so7p
 .data.so9      0x00800208        0x1 Integration.o
                0x00800208                so9
 .data.so8      0x00800209        0x1 Integration.o
                0x00800209                so8
 .data.so7      0x0080020a        0x1 Integration.o
                0x0080020a                so7
 .data.so5p     0x0080020b        0x1 Integration.o
                0x0080020b                so5p
 .data.so4p     0x0080020c        0x1 Integration.o
                0x0080020c                so4p
 .data.so3p     0x0080020d        0x1 Integration.o
                0x0080020d                so3p
 .data.so5      0x0080020e        0x1 Integration.o
                0x0080020e                so5
 .data.so4      0x0080020f        0x1 Integration.o
                0x0080020f                so4
 .data.so3      0x00800210        0x1 Integration.o
                0x00800210                so3
 .data.aux_parpadeo_LED1
                0x00800211        0x1 Parte_2.o
                0x00800211                aux_parpadeo_LED1
 *(.gnu.linkonce.d*)
 *(.rodata)
 *(.rodata*)
 *(.gnu.linkonce.r*)
                0x00800212                . = ALIGN (0x2)
                0x00800212                _edata = .
                0x00800212                PROVIDE (__data_end, .)

.bss            0x00800212       0x1c
                0x00800212                PROVIDE (__bss_start, .)
 *(.bss)
 *(.bss*)
 .bss.limit_switch_sec
                0x00800212        0x1 Integration.o
                0x00800212                limit_switch_sec
 .bss.limit_switch_lavH
                0x00800213        0x1 Integration.o
                0x00800213                limit_switch_lavH
 .bss.enable_check_parte1
                0x00800214        0x1 Integration.o
                0x00800214                enable_check_parte1
 .bss.aux_sec   0x00800215        0x1 Parte_1.o
                0x00800215                aux_sec
 .bss.aux_lavH  0x00800216        0x1 Parte_1.o
                0x00800216                aux_lavH
 .bss.timer_ticks
                0x00800217        0x1 Parte_2.o
                0x00800217                timer_ticks
 .bss.cnt_apertura_barrera
                0x00800218        0x4 Parte_2.o
                0x00800218                cnt_apertura_barrera
 .bss.modo_barrera
                0x0080021c        0x1 Parte_2.o
                0x0080021c                modo_barrera
 *(COMMON)
 COMMON         0x0080021d       0x11 General.o
                0x0080021d                ms
                0x00800221                cnt_prove_new
                0x00800225                s
                0x00800229                NumCarLavado
                0x0080022a                EnableEntrance
                0x0080022b                Stop
                0x0080022c                enable_prove_new
                0x0080022d                NumCarSecado
                0x0080022e                PROVIDE (__bss_end, .)
                0x00000c08                __data_load_start = LOADADDR (.data)
                0x00000c1a                __data_load_end = (__data_load_start + SIZEOF (.data))

.noinit         0x0080022e        0x0
                [!provide]                PROVIDE (__noinit_start, .)
 *(.noinit*)
                [!provide]                PROVIDE (__noinit_end, .)
                0x0080022e                _end = .
                [!provide]                PROVIDE (__heap_start, .)

.eeprom         0x00810000        0x0
 *(.eeprom*)
                0x00810000                __eeprom_end = .

.fuse
 *(.fuse)
 *(.lfuse)
 *(.hfuse)
 *(.efuse)

.lock
 *(.lock*)

.signature
 *(.signature*)

.user_signatures
 *(.user_signatures*)

.stab
 *(.stab)

.stabstr
 *(.stabstr)

.stab.excl
 *(.stab.excl)

.stab.exclstr
 *(.stab.exclstr)

.stab.index
 *(.stab.index)

.stab.indexstr
 *(.stab.indexstr)

.comment        0x00000000       0x30
 *(.comment)
 .comment       0x00000000       0x30 General.o
                                 0x31 (size before relaxing)
 .comment       0x00000030       0x31 Integration.o
 .comment       0x00000030       0x31 main.o
 .comment       0x00000030       0x31 Parte_1.o
 .comment       0x00000030       0x31 Parte_2.o
 .comment       0x00000030       0x31 Parte_3.o

.note.gnu.avr.deviceinfo
                0x00000000       0x3c
 .note.gnu.avr.deviceinfo
                0x00000000       0x3c C:/Program Files (x86)/Atmel/Studio/7.0/Packs/atmel/ATmega_DFP/1.6.364/gcc/dev/atmega640/avr5/crtatmega640.o

.note.gnu.build-id
 *(.note.gnu.build-id)

.debug
 *(.debug)

.line
 *(.line)

.debug_srcinfo
 *(.debug_srcinfo)

.debug_sfnames
 *(.debug_sfnames)

.debug_aranges  0x00000000      0x268
 *(.debug_aranges)
 .debug_aranges
                0x00000000       0x90 General.o
 .debug_aranges
                0x00000090       0x58 Integration.o
 .debug_aranges
                0x000000e8       0x20 main.o
 .debug_aranges
                0x00000108       0x88 Parte_1.o
 .debug_aranges
                0x00000190       0x78 Parte_2.o
 .debug_aranges
                0x00000208       0x60 Parte_3.o

.debug_pubnames
 *(.debug_pubnames)

.debug_info     0x00000000     0x1b8c
 *(.debug_info .gnu.linkonce.wi.*)
 .debug_info    0x00000000      0xba9 C:/Program Files (x86)/Atmel/Studio/7.0/Packs/atmel/ATmega_DFP/1.6.364/gcc/dev/atmega640/avr5/crtatmega640.o
 .debug_info    0x00000ba9      0x2e4 General.o
 .debug_info    0x00000e8d      0x44e Integration.o
 .debug_info    0x000012db      0x133 main.o
 .debug_info    0x0000140e      0x355 Parte_1.o
 .debug_info    0x00001763      0x269 Parte_2.o
 .debug_info    0x000019cc      0x1c0 Parte_3.o

.debug_abbrev   0x00000000     0x101a
 *(.debug_abbrev)
 .debug_abbrev  0x00000000      0xb08 C:/Program Files (x86)/Atmel/Studio/7.0/Packs/atmel/ATmega_DFP/1.6.364/gcc/dev/atmega640/avr5/crtatmega640.o
 .debug_abbrev  0x00000b08       0xf1 General.o
 .debug_abbrev  0x00000bf9      0x168 Integration.o
 .debug_abbrev  0x00000d61       0x7a main.o
 .debug_abbrev  0x00000ddb       0xb0 Parte_1.o
 .debug_abbrev  0x00000e8b       0xd7 Parte_2.o
 .debug_abbrev  0x00000f62       0xb8 Parte_3.o

.debug_line     0x00000000     0x1204
 *(.debug_line .debug_line.* .debug_line_end)
 .debug_line    0x00000000      0x1ee C:/Program Files (x86)/Atmel/Studio/7.0/Packs/atmel/ATmega_DFP/1.6.364/gcc/dev/atmega640/avr5/crtatmega640.o
 .debug_line    0x000001ee      0x2b7 General.o
 .debug_line    0x000004a5      0x3ef Integration.o
 .debug_line    0x00000894       0xba main.o
 .debug_line    0x0000094e      0x3c3 Parte_1.o
 .debug_line    0x00000d11      0x2f7 Parte_2.o
 .debug_line    0x00001008      0x1fc Parte_3.o

.debug_frame    0x00000000      0x554
 *(.debug_frame)
 .debug_frame   0x00000000      0x13c General.o
 .debug_frame   0x0000013c      0x168 Integration.o
 .debug_frame   0x000002a4       0x24 main.o
 .debug_frame   0x000002c8       0xf4 Parte_1.o
 .debug_frame   0x000003bc       0xf4 Parte_2.o
 .debug_frame   0x000004b0       0xa4 Parte_3.o

.debug_str      0x00000000      0x945
 *(.debug_str)
 .debug_str     0x00000000      0x3e0 C:/Program Files (x86)/Atmel/Studio/7.0/Packs/atmel/ATmega_DFP/1.6.364/gcc/dev/atmega640/avr5/crtatmega640.o
 .debug_str     0x000003e0      0x249 General.o
                                0x2a4 (size before relaxing)
 .debug_str     0x00000629      0x17a Integration.o
                                0x36f (size before relaxing)
 .debug_str     0x000007a3       0x50 main.o
                                0x1c8 (size before relaxing)
 .debug_str     0x000007f3       0x84 Parte_1.o
                                0x297 (size before relaxing)
 .debug_str     0x00000877       0x95 Parte_2.o
                                0x272 (size before relaxing)
 .debug_str     0x0000090c       0x39 Parte_3.o
                                0x1ff (size before relaxing)

.debug_loc      0x00000000      0x3ca
 *(.debug_loc)
 .debug_loc     0x00000000       0xc4 General.o
 .debug_loc     0x000000c4      0x269 Integration.o
 .debug_loc     0x0000032d       0x9d Parte_2.o

.debug_macinfo
 *(.debug_macinfo)

.debug_weaknames
 *(.debug_weaknames)

.debug_funcnames
 *(.debug_funcnames)

.debug_typenames
 *(.debug_typenames)

.debug_varnames
 *(.debug_varnames)

.debug_pubtypes
 *(.debug_pubtypes)

.debug_ranges   0x00000000      0x208
 *(.debug_ranges)
 .debug_ranges  0x00000000       0x80 General.o
 .debug_ranges  0x00000080       0x48 Integration.o
 .debug_ranges  0x000000c8       0x10 main.o
 .debug_ranges  0x000000d8       0x78 Parte_1.o
 .debug_ranges  0x00000150       0x68 Parte_2.o
 .debug_ranges  0x000001b8       0x50 Parte_3.o

.debug_macro
 *(.debug_macro)
OUTPUT(LavaderoV2.elf elf32-avr)
LOAD linker stubs
